[INFO] Scanning for projects...
[INFO] 
[INFO] --------------------< com.example:payment-service >---------------------
[INFO] Building payment-service 0.0.1-SNAPSHOT
[INFO]   from pom.xml
[INFO] --------------------------------[ jar ]---------------------------------
[INFO] 
[INFO] --- resources:3.5.0:resources (default-resources) @ payment-service ---
[INFO] Copying 1 resource from src\main\resources to target\classes
[INFO] Copying 0 resource from src\main\resources to target\classes
[INFO] 
[INFO] --- compiler:3.15.0:compile (default-compile) @ payment-service ---
[INFO] Recompiling the module because of added or removed source files.
[INFO] Compiling 7 source files with javac [debug parameters release 21] to target\classes
[INFO] ------------------------------------------------------------------------
[INFO] BUILD SUCCESS
[INFO] ------------------------------------------------------------------------
[INFO] Total time:  2.774 s
[INFO] Finished at: 2026-09-05T21:26:36+07:00
[INFO] ------------------------------------------------------------------------
